// Jest Snapshot v1, https://goo.gl/fbAQLP

exports[`Ping Should ping back 1`] = `
Object {
  "body": "{\\"message\\":\\"I'm alive!\\"}",
  "statusCode": 200,
}
`;
